// Jest Snapshot v1, https://goo.gl/fbAQLP

exports[`Testing on component <Navbar /> This test must showing corretly 1`] = `
<nav
  className="navbar navbar-expand-lg navbar-dark bg-dark px-2"
>
  <section
    className="container-fluid"
  >
    <a
      className="navbar-brand"
      href="/"
      onClick={[Function]}
    >
      <img
        alt="logo navbar"
        className="img-fluid navbar-icon"
        src="/assets/svg/avatar.svg"
      />
    </a>
    <button
      className="navbar-toggler"
      onClick={[Function]}
      type="button"
    >
      <span
        className="navbar-toggler-icon"
      />
    </button>
    <article
      className="collapse navbar-collapse"
      id="navbarSupportedContent"
    >
      <div
        className="navbar-nav text-center "
      >
        <a
          className="nav-item nav-link text-white"
          href="/marvel"
          onClick={[Function]}
        >
          Marvel
        </a>
        <a
          className="nav-item nav-link text-white"
          href="/dc"
          onClick={[Function]}
        >
          DC
        </a>
        <a
          className="nav-item nav-link text-white"
          href="/search"
          onClick={[Function]}
        >
          Search
        </a>
      </div>
      <div
        className="navbar-nav ms-auto"
      >
        <ul
          className="navbar-nav"
        >
          <span
            className="nav-item nav-link text-white text-center"
          >
            Hola, 
            Leandro
            <small
              style={
                Object {
                  "fontSize": "20px",
                }
              }
            >
               ðŸ‘‹ 
            </small>
          </span>
          <button
            className="nav-item btn btn-danger"
            onClick={[Function]}
          >
            Cerrar sesiÃ³n 
            <img
              alt="logout"
              src="/assets/svg/logout.svg"
            />
          </button>
        </ul>
      </div>
    </article>
  </section>
</nav>
`;
