// Jest Snapshot v1, https://goo.gl/fbAQLP

exports[`Testing on component <DCScreen/> This test must return a snapshot corretly 1`] = `
<div
  className="container"
>
  <h1
    className="text-center"
  >
    DC Screen
  </h1>
  <hr />
  <HeroList
    publisher="DC Comics"
  />
</div>
`;
